exports[`test <BackButton /> calls onPress prop on Press action  1`] = `
<View
  accessibilityComponentType={undefined}
  accessibilityLabel={undefined}
  accessibilityTraits={undefined}
  accessible={true}
  hitSlop={undefined}
  onLayout={undefined}
  onResponderGrant={[Function]}
  onResponderMove={[Function]}
  onResponderRelease={[Function]}
  onResponderTerminate={[Function]}
  onResponderTerminationRequest={[Function]}
  onStartShouldSetResponder={[Function]}
  style={
    Object {
      "alignItems": "center",
      "flex": 1,
      "flexDirection": "row",
      "justifyContent": "center",
      "opacity": 1,
    }
  }
  testID={undefined}>
  <View>
    <Image
      source={1}
      style={
        Object {
          "height": 24,
          "margin": 10,
          "resizeMode": "contain",
          "width": 24,
        }
      } />
  </View>
</View>
`;

exports[`test <BackButton /> renders correctly 1`] = `
<View
  accessibilityComponentType={undefined}
  accessibilityLabel={undefined}
  accessibilityTraits={undefined}
  accessible={true}
  hitSlop={undefined}
  onLayout={undefined}
  onResponderGrant={[Function]}
  onResponderMove={[Function]}
  onResponderRelease={[Function]}
  onResponderTerminate={[Function]}
  onResponderTerminationRequest={[Function]}
  onStartShouldSetResponder={[Function]}
  style={
    Object {
      "alignItems": "center",
      "flex": 1,
      "flexDirection": "row",
      "justifyContent": "center",
      "opacity": 1,
    }
  }
  testID={undefined}>
  <View>
    <Image
      source={1}
      style={
        Object {
          "height": 24,
          "margin": 10,
          "resizeMode": "contain",
          "width": 24,
        }
      } />
  </View>
</View>
`;
