exports[`StackUtils.build() util build() creates correctly render method 1`] = `
<Text
  accessible={true}
  allowFontScaling={true}
  ellipsizeMode="tail">
  /
</Text>
`;

exports[`StackUtils.withRouter() util withRouter() renders without crashing 1`] = `
<Text
  accessible={true}
  allowFontScaling={true}
  ellipsizeMode="tail">
  =)
</Text>
`;
